Microchip MPLAB XC8 Compiler V1.35 ()

Linker command line:

--edf=C:\Program Files (x86)\Microchip\xc8\v1.35\dat\en_msgs.txt -cs \
  -h+dist/default/production\LCD.X.production.sym \
  --cmf=dist/default/production\LCD.X.production.cmf -z -Q16F84A \
  -oC:\Users\mo360\AppData\Local\Temp\s27g.2 \
  -Mdist/default/production/LCD.X.production.map -E1 -ver=XC8 \
  -ASTACK=03Ch-04dh -pstack=STACK -ACODE=00h-03FFh -ASTRCODE=00h-03FFh \
  -ASTRING=00h-0FFhx4 -ACONST=00h-0FFhx4 -AENTRY=00h-0FFhx4 \
  -ABANK0=0Ch-04Dh -ARAM=0Ch-04Dh -AABS1=0Ch-04Fh -ACOMMON=04Eh-04Fh \
  -ASFR0=00h-0Bh -ASFR1=080h-0CDh -preset_vec=00h,intentry,init,end_init \
  -ppowerup=CODE -pcinit=CODE -pfunctab=CODE -ACONFIG=02007h-02007h \
  -pconfig=CONFIG -DCONFIG=2 -AIDLOC=02000h-02003h -pidloc=IDLOC -DIDLOC=2 \
  -AEEDATA=00h-03Fh/02100h -peeprom_data=EEDATA -DEEDATA=2 -DCODE=2 \
  -DSTRCODE=2 -DSTRING=2 -DCONST=2 -DENTRY=2 -k \
  C:\Users\mo360\AppData\Local\Temp\s27g.obj \
  dist/default/production\LCD.X.production.obj 

Object code version is 3.11

Machine type is 16F84A



                Name                               Link     Load   Length Selector   Space Scale
C:\Users\mo360\AppData\Local\Temp\s27g.obj
                end_init                              0        0        1        0       0
                config                             2007     2007        1     400E       0
dist/default/production\LCD.X.production.obj
                cinit                               3F6      3F6        A      7EC       0
                text15                              103      103       17      206       0
                text14                               F0       F0       13      1E0       0
                text13                               CF       CF        F      19E       0
                text12                              1A8      1A8       34      350       0
                text11                              29A      29A       42      534       0
                text10                               CA       CA        5      194       0
                text9                               11A      11A       2A      234       0
                text8                               144      144       31      288       0
                text7                               1DC      1DC       3D      3B8       0
                text6                               175      175       33      2EA       0
                text5                               328      328       5C      650       0
                text4                                DE       DE       12      1BC       0
                text3                               2DC      2DC       4C      5B8       0
                text2                               219      219       40      432       0
                text1                               259      259       41      4B2       0
                maintext                            384      384       72      708       0
                cstackBANK0                           C        C       2C        C       1
                dataBANK0                            38       38        4        C       1
                strings                               1        1       64        2       0
                idataBANK0                           C6       C6        4      18C       0

TOTAL           Name                               Link     Load   Length     Space
        CLASS   STACK          

        CLASS   CODE           
                end_init                              0        0        1         0
                cinit                               3F6      3F6        A         0
                text15                              103      103       17         0
                text14                               F0       F0       13         0
                text13                               CF       CF        F         0
                text12                              1A8      1A8       34         0
                text11                              29A      29A       42         0
                text10                               CA       CA        5         0
                text9                               11A      11A       2A         0
                text8                               144      144       31         0
                text7                               1DC      1DC       3D         0
                text6                               175      175       33         0
                text5                               328      328       5C         0
                text4                                DE       DE       12         0
                text3                               2DC      2DC       4C         0
                text2                               219      219       40         0
                text1                               259      259       41         0
                maintext                            384      384       72         0
                idataBANK0                           C6       C6        4         0

        CLASS   STRCODE        

        CLASS   STRING         
                strings                               1        1       64         0

        CLASS   CONST          

        CLASS   ENTRY          

        CLASS   BANK0          
                cstackBANK0                           C        C       2C         1
                dataBANK0                            38       38        4         1

        CLASS   RAM            

        CLASS   ABS1           
                abs_s1                               4E       4E        2         1

        CLASS   COMMON         

        CLASS   SFR0           

        CLASS   SFR1           

        CLASS   CONFIG         
                config                             2007     2007        1         0

        CLASS   IDLOC          

        CLASS   EEDATA         

        CLASS   BANK1          



SEGMENTS        Name                           Load    Length   Top    Selector   Space  Class     Delta

                reset_vec                      000000  000001  000001         0       0  CODE        2
                strings                        000001  000064  000065         2       0  STRING      2
                cstackBANK0                    00000C  000030  00003C         C       1  BANK0       1
                idataBANK0                     0000C6  000004  0000CA       18C       0  CODE        2
                text10                         0000CA  000005  0000CF       194       0  CODE        2
                text13                         0000CF  00000F  0000DE       19E       0  CODE        2
                text4                          0000DE  000012  0000F0       1BC       0  CODE        2
                text14                         0000F0  000013  000103       1E0       0  CODE        2
                text15                         000103  000017  00011A       206       0  CODE        2
                text9                          00011A  00002A  000144       234       0  CODE        2
                text8                          000144  000031  000175       288       0  CODE        2
                text6                          000175  000033  0001A8       2EA       0  CODE        2
                text12                         0001A8  000034  0001DC       350       0  CODE        2
                text7                          0001DC  00003D  000219       3B8       0  CODE        2
                text2                          000219  000040  000259       432       0  CODE        2
                text1                          000259  000041  00029A       4B2       0  CODE        2
                text11                         00029A  000042  0002DC       534       0  CODE        2
                text3                          0002DC  00004C  000328       5B8       0  CODE        2
                text5                          000328  00005C  000384       650       0  CODE        2
                maintext                       000384  000072  0003F6       708       0  CODE        2
                cinit                          0003F6  00000A  000400       7EC       0  CODE        2
                config                         002007  000001  002008      400E       0  CONFIG      2


UNUSED ADDRESS RANGES

        Name                Unused          Largest block    Delta
        BANK0            003C-004D             12           1
        CODE             0065-00C5             61           2
        CONST            0065-00C5             61           2
        EEDATA           2100-213F             40           2
        ENTRY            0065-00C5             61           2
        IDLOC            2000-2003              4           2
        RAM              003C-004D             12           1
        SFR0             0000-000B              C           1
        SFR1             0080-00CD             4E           1
        STACK            003C-004D             12           1
        STRCODE          0065-00C5             61           2
        STRING           0065-00C5             61           2

                                  Symbol Table

?___awmod                  cstackBANK0  0020
?___lmul                   cstackBANK0  000C
?___lwdiv                  cstackBANK0  000C
?___lwmod                  cstackBANK0  000C
?_rand                     cstackBANK0  0019
Lcd_Cmd@a                  cstackBANK0  000F
Lcd_Port@a                 cstackBANK0  000C
Lcd_Set_Cursor@a           cstackBANK0  0013
Lcd_Set_Cursor@b           cstackBANK0  0010
Lcd_Set_Cursor@temp        cstackBANK0  0016
Lcd_Set_Cursor@y           cstackBANK0  0015
Lcd_Set_Cursor@z           cstackBANK0  0014
Lcd_Write_Char@a           cstackBANK0  0010
Lcd_Write_Char@temp        cstackBANK0  000E
Lcd_Write_Char@y           cstackBANK0  000F
Lcd_Write_Int@a            cstackBANK0  001D
Lcd_Write_Int@temp         cstackBANK0  001F
Lcd_Write_String@a         cstackBANK0  0011
Lcd_Write_String@i         cstackBANK0  0016
_Lcd_Clear                 text13       00CF
_Lcd_Cmd                   text14       00F0
_Lcd_Init                  text12       01A8
_Lcd_Port                  text15       0103
_Lcd_Set_Cursor            text11       029A
_Lcd_Shift_Left            text10       00CA
_Lcd_Write_Char            text9        011A
_Lcd_Write_Int             text4        00DE
_Lcd_Write_String          text8        0144
_PORTAbits                 (abs)        0005
_RB0                       (abs)        0030
_RB1                       (abs)        0031
_RB2                       (abs)        0032
_RB3                       (abs)        0033
_RB4                       (abs)        0034
_RB5                       (abs)        0035
_RB6                       (abs)        0036
_TRISA                     (abs)        0085
_TRISB                     (abs)        0086
__CFG_CP$OFF               (abs)        0000
__CFG_FOSC$XT              (abs)        0000
__CFG_PWRTE$ON             (abs)        0000
__CFG_WDTE$OFF             (abs)        0000
__Habs1                    abs1         0000
__Hbank0                   bank0        0000
__Hbank1                   bank1        0000
__Hcinit                   cinit        0400
__Hclrtext                 clrtext      0000
__Hcode                    code         0000
__Hcommon                  common       0000
__Hconfig                  config       2008
__HcstackBANK0             cstackBANK0  0000
__HcstackCOMMON            cstackCOMMON 0000
__HdataBANK0               dataBANK0    0000
__Heeprom_data             eeprom_data  0000
__Hend_init                end_init     0001
__Hfunctab                 functab      0000
__HidataBANK0              idataBANK0   0000
__Hidloc                   idloc        0000
__Hinit                    init         0000
__Hintentry                intentry     0000
__Hmaintext                maintext     0000
__Hpowerup                 powerup      0000
__Hram                     ram          0000
__Hreset_vec               reset_vec    0000
__Hsfr0                    sfr0         0000
__Hsfr1                    sfr1         0000
__Hspace_0                 (abs)        2008
__Hspace_1                 (abs)        003C
__Hspace_2                 (abs)        0000
__Hspace_3                 (abs)        0000
__Hstack                   stack        0000
__Hstrings                 strings      0000
__Htext                    text         0000
__Labs1                    abs1         0000
__Lbank0                   bank0        0000
__Lbank1                   bank1        0000
__Lcinit                   cinit        03F6
__Lclrtext                 clrtext      0000
__Lcode                    code         0000
__Lcommon                  common       0000
__Lconfig                  config       2007
__LcstackBANK0             cstackBANK0  0000
__LcstackCOMMON            cstackCOMMON 0000
__LdataBANK0               dataBANK0    0000
__Leeprom_data             eeprom_data  0000
__Lend_init                end_init     0000
__Lfunctab                 functab      0000
__LidataBANK0              idataBANK0   0000
__Lidloc                   idloc        0000
__Linit                    init         0000
__Lintentry                intentry     0000
__Lmaintext                maintext     0000
__Lpowerup                 powerup      0000
__Lram                     ram          0000
__Lreset_vec               reset_vec    0000
__Lsfr0                    sfr0         0000
__Lsfr1                    sfr1         0000
__Lspace_0                 (abs)        0000
__Lspace_1                 (abs)        0000
__Lspace_2                 (abs)        0000
__Lspace_3                 (abs)        0000
__Lstack                   stack        0000
__Lstrings                 strings      0000
__Ltext                    text         0000
__S0                       (abs)        2008
__S1                       (abs)        003C
__S2                       (abs)        0000
__S3                       (abs)        0000
___awmod                   text3        02DC
___awmod@counter           cstackBANK0  0025
___awmod@dividend          cstackBANK0  0022
___awmod@divisor           cstackBANK0  0020
___awmod@sign              cstackBANK0  0026
___int_sp                  stack        0000
___latbits                 (abs)        0000
___lmul                    text2        0219
___lmul@multiplicand       cstackBANK0  0010
___lmul@multiplier         cstackBANK0  000C
___lmul@product            cstackBANK0  0015
___lwdiv                   text7        01DC
___lwdiv@counter           cstackBANK0  0013
___lwdiv@dividend          cstackBANK0  000E
___lwdiv@divisor           cstackBANK0  000C
___lwdiv@quotient          cstackBANK0  0011
___lwmod                   text6        0175
___lwmod@counter           cstackBANK0  0011
___lwmod@dividend          cstackBANK0  000E
___lwmod@divisor           cstackBANK0  000C
___sp                      stack        0000
__end_of_Lcd_Clear         text13       00DE
__end_of_Lcd_Cmd           text14       0103
__end_of_Lcd_Init          text12       01DC
__end_of_Lcd_Port          text15       011A
__end_of_Lcd_Set_Cursor    text11       02DC
__end_of_Lcd_Shift_Left    text10       00CF
__end_of_Lcd_Write_Char    text9        0144
__end_of_Lcd_Write_Int     text4        00F0
__end_of_Lcd_Write_String  text8        0175
__end_of___awmod           text3        0328
__end_of___lmul            text2        0259
__end_of___lwdiv           text7        0219
__end_of___lwmod           text6        01A8
__end_of__initialization   cinit        03FE
__end_of__stringtab        strings      0011
__end_of_main              maintext     03F6
__end_of_rand              text1        029A
__end_of_utoa              text5        0384
__initialization           cinit        03F6
__pcstackBANK0             cstackBANK0  000C
__pcstackCOMMON            cstackCOMMON 0000
__pdataBANK0               dataBANK0    0038
__pidataBANK0              idataBANK0   00C6
__pmaintext                maintext     0384
__pstrings                 strings      0001
__ptext1                   text1        0259
__ptext10                  text10       00CA
__ptext11                  text11       029A
__ptext12                  text12       01A8
__ptext13                  text13       00CF
__ptext14                  text14       00F0
__ptext15                  text15       0103
__ptext2                   text2        0219
__ptext3                   text3        02DC
__ptext4                   text4        00DE
__ptext5                   text5        0328
__ptext6                   text6        0175
__ptext7                   text7        01DC
__ptext8                   text8        0144
__ptext9                   text9        011A
__size_of_Lcd_Clear        (abs)        0000
__size_of_Lcd_Cmd          (abs)        0000
__size_of_Lcd_Init         (abs)        0000
__size_of_Lcd_Port         (abs)        0000
__size_of_Lcd_Set_Cursor   (abs)        0000
__size_of_Lcd_Shift_Left   (abs)        0000
__size_of_Lcd_Write_Char   (abs)        0000
__size_of_Lcd_Write_Int    (abs)        0000
__size_of_Lcd_Write_String (abs)        0000
__size_of___awmod          (abs)        0000
__size_of___lmul           (abs)        0000
__size_of___lwdiv          (abs)        0000
__size_of___lwmod          (abs)        0000
__size_of_main             (abs)        0000
__size_of_rand             (abs)        0000
__size_of_utoa             (abs)        0000
__stringbase               strings      0010
__stringtab                strings      0001
_main                      maintext     0384
_rand                      text1        0259
_randx                     dataBANK0    0038
_utoa                      text5        0328
btemp                      (abs)        004E
end_of_initialization      cinit        03FE
intlevel0                  functab      0000
intlevel1                  functab      0000
intlevel2                  functab      0000
intlevel3                  functab      0000
intlevel4                  functab      0000
intlevel5                  functab      0000
ltemp                      (abs)        004E
ltemp0                     (abs)        004E
ltemp1                     (abs)        0052
ltemp2                     (abs)        0056
ltemp3                     (abs)        0050
main@Instruction           cstackBANK0  0036
main@Instruction2          cstackBANK0  0037
main@num                   cstackBANK0  0032
main@run                   cstackBANK0  0034
reset_vec                  reset_vec    0000
stackhi                    (abs)        0000
stacklo                    (abs)        0000
start                      init         0000
start_initialization       cinit        03F6
ttemp                      (abs)        004E
ttemp0                     (abs)        004E
ttemp1                     (abs)        0051
ttemp2                     (abs)        0054
ttemp3                     (abs)        0057
ttemp4                     (abs)        004F
utoa@base                  cstackBANK0  0016
utoa@buf                   cstackBANK0  001C
utoa@c                     cstackBANK0  001B
utoa@v                     cstackBANK0  0019
utoa@val                   cstackBANK0  0014
wtemp                      (abs)        004E
wtemp0                     (abs)        004E
wtemp1                     (abs)        0050
wtemp2                     (abs)        0052
wtemp3                     (abs)        0054
wtemp4                     (abs)        0056
wtemp5                     (abs)        0058
wtemp6                     (abs)        004F


FUNCTION INFORMATION:

 *************** function _main *****************
 Defined at:
		line 31 in file "main.c"
 Parameters:    Size  Location     Type
		None
 Auto vars:     Size  Location     Type
  num             2   38[BANK0 ] int 
  run             2   40[BANK0 ] int 
  Instruction2    1   43[BANK0 ] PTR unsigned char 
		 -> STR_2(42), 
  Instruction     1   42[BANK0 ] PTR unsigned char 
		 -> STR_1(42), 
 Return value:  Size  Location     Type
		None               void
 Registers used:
		wreg, fsr0l, fsr0h, status,2, status,0, btemp+1, pclath, cstack
 Tracked objects:
		On entry : 
		On exit  : 
		Unchanged: 
 Data sizes:     COMMON   BANK0
      Params:         0       0
      Locals:         0       6
      Temps:          0       3
      Totals:         0       9
Total ram usage:        9 bytes
 Hardware stack levels required when called:    4
 This function calls:
		_Lcd_Clear
		_Lcd_Init
		_Lcd_Set_Cursor
		_Lcd_Shift_Left
		_Lcd_Write_Int
		_Lcd_Write_String
		___awmod
		_rand
 This function is called by:
		Startup code after reset
 This function uses a non-reentrant model


 *************** function _rand *****************
 Defined at:
		line 12 in file "C:\Program Files (x86)\Microchip\xc8\v1.35\sources\common\rand.c"
 Parameters:    Size  Location     Type
		None
 Auto vars:     Size  Location     Type
		None
 Return value:  Size  Location     Type
                  2   13[BANK0 ] int 
 Registers used:
		wreg, status,2, status,0, pclath, cstack
 Tracked objects:
		On entry : 
		On exit  : 
		Unchanged: 
 Data sizes:     COMMON   BANK0
      Params:         0       2
      Locals:         0       0
      Temps:          0       5
      Totals:         0       7
Total ram usage:        7 bytes
 Hardware stack levels used:    1
 Hardware stack levels required when called:    1
 This function calls:
		___lmul
 This function is called by:
		_main
 This function uses a non-reentrant model


 *************** function ___lmul *****************
 Defined at:
		line 15 in file "C:\Program Files (x86)\Microchip\xc8\v1.35\sources\common\Umul32.c"
 Parameters:    Size  Location     Type
  multiplier      4    0[BANK0 ] unsigned long 
  multiplicand    4    4[BANK0 ] unsigned long 
 Auto vars:     Size  Location     Type
  product         4    9[BANK0 ] unsigned long 
 Return value:  Size  Location     Type
                  4    0[BANK0 ] unsigned long 
 Registers used:
		wreg, status,2, status,0
 Tracked objects:
		On entry : 
		On exit  : 
		Unchanged: 
 Data sizes:     COMMON   BANK0
      Params:         0       8
      Locals:         0       4
      Temps:          0       1
      Totals:         0      13
Total ram usage:       13 bytes
 Hardware stack levels used:    1
 This function calls:
		Nothing
 This function is called by:
		_rand
 This function uses a non-reentrant model


 *************** function ___awmod *****************
 Defined at:
		line 6 in file "C:\Program Files (x86)\Microchip\xc8\v1.35\sources\common\awmod.c"
 Parameters:    Size  Location     Type
  divisor         2   20[BANK0 ] int 
  dividend        2   22[BANK0 ] int 
 Auto vars:     Size  Location     Type
  sign            1   26[BANK0 ] unsigned char 
  counter         1   25[BANK0 ] unsigned char 
 Return value:  Size  Location     Type
                  2   20[BANK0 ] int 
 Registers used:
		wreg, status,2, status,0
 Tracked objects:
		On entry : 
		On exit  : 
		Unchanged: 
 Data sizes:     COMMON   BANK0
      Params:         0       4
      Locals:         0       2
      Temps:          0       1
      Totals:         0       7
Total ram usage:        7 bytes
 Hardware stack levels used:    1
 This function calls:
		Nothing
 This function is called by:
		_main
 This function uses a non-reentrant model


 *************** function _Lcd_Write_Int *****************
 Defined at:
		line 120 in file "lcd.c"
 Parameters:    Size  Location     Type
  a               2   17[BANK0 ] unsigned int 
 Auto vars:     Size  Location     Type
  temp           16   19[BANK0 ] unsigned char [16]
 Return value:  Size  Location     Type
		None               void
 Registers used:
		wreg, fsr0l, fsr0h, status,2, status,0, btemp+1, pclath, cstack
 Tracked objects:
		On entry : 
		On exit  : 
		Unchanged: 
 Data sizes:     COMMON   BANK0
      Params:         0       2
      Locals:         0      16
      Temps:          0       0
      Totals:         0      18
Total ram usage:       18 bytes
 Hardware stack levels used:    1
 Hardware stack levels required when called:    3
 This function calls:
		_Lcd_Write_String
		_utoa
 This function is called by:
		_main
 This function uses a non-reentrant model


 *************** function _utoa *****************
 Defined at:
		line 17 in file "C:\Program Files (x86)\Microchip\xc8\v1.35\sources\common\itoa.c"
 Parameters:    Size  Location     Type
  buf             1    wreg     PTR unsigned char 
		 -> Lcd_Write_Int@temp(16), 
  val             2    8[BANK0 ] unsigned int 
  base            2   10[BANK0 ] int 
 Auto vars:     Size  Location     Type
  buf             1   16[BANK0 ] PTR unsigned char 
		 -> Lcd_Write_Int@temp(16), 
  v               2   13[BANK0 ] unsigned int 
  c               1   15[BANK0 ] unsigned char 
 Return value:  Size  Location     Type
                  1    wreg      PTR unsigned char 
 Registers used:
		wreg, fsr0l, fsr0h, status,2, status,0, pclath, cstack
 Tracked objects:
		On entry : 
		On exit  : 
		Unchanged: 
 Data sizes:     COMMON   BANK0
      Params:         0       4
      Locals:         0       4
      Temps:          0       1
      Totals:         0       9
Total ram usage:        9 bytes
 Hardware stack levels used:    1
 Hardware stack levels required when called:    1
 This function calls:
		___lwdiv
		___lwmod
 This function is called by:
		_Lcd_Write_Int
 This function uses a non-reentrant model


 *************** function ___lwmod *****************
 Defined at:
		line 6 in file "C:\Program Files (x86)\Microchip\xc8\v1.35\sources\common\lwmod.c"
 Parameters:    Size  Location     Type
  divisor         2    0[BANK0 ] unsigned int 
  dividend        2    2[BANK0 ] unsigned int 
 Auto vars:     Size  Location     Type
  counter         1    5[BANK0 ] unsigned char 
 Return value:  Size  Location     Type
                  2    0[BANK0 ] unsigned int 
 Registers used:
		wreg, status,2, status,0
 Tracked objects:
		On entry : 
		On exit  : 
		Unchanged: 
 Data sizes:     COMMON   BANK0
      Params:         0       4
      Locals:         0       1
      Temps:          0       1
      Totals:         0       6
Total ram usage:        6 bytes
 Hardware stack levels used:    1
 This function calls:
		Nothing
 This function is called by:
		_utoa
 This function uses a non-reentrant model


 *************** function ___lwdiv *****************
 Defined at:
		line 6 in file "C:\Program Files (x86)\Microchip\xc8\v1.35\sources\common\lwdiv.c"
 Parameters:    Size  Location     Type
  divisor         2    0[BANK0 ] unsigned int 
  dividend        2    2[BANK0 ] unsigned int 
 Auto vars:     Size  Location     Type
  quotient        2    5[BANK0 ] unsigned int 
  counter         1    7[BANK0 ] unsigned char 
 Return value:  Size  Location     Type
                  2    0[BANK0 ] unsigned int 
 Registers used:
		wreg, status,2, status,0
 Tracked objects:
		On entry : 
		On exit  : 
		Unchanged: 
 Data sizes:     COMMON   BANK0
      Params:         0       4
      Locals:         0       3
      Temps:          0       1
      Totals:         0       8
Total ram usage:        8 bytes
 Hardware stack levels used:    1
 This function calls:
		Nothing
 This function is called by:
		_utoa
 This function uses a non-reentrant model


 *************** function _Lcd_Write_String *****************
 Defined at:
		line 110 in file "lcd.c"
 Parameters:    Size  Location     Type
  a               2    5[BANK0 ] PTR unsigned char 
		 -> Lcd_Write_Int@temp(16), STR_2(42), STR_1(42), 
 Auto vars:     Size  Location     Type
  i               2   10[BANK0 ] int 
 Return value:  Size  Location     Type
		None               void
 Registers used:
		wreg, fsr0l, fsr0h, status,2, status,0, btemp+1, pclath, cstack
 Tracked objects:
		On entry : 
		On exit  : 
		Unchanged: 
 Data sizes:     COMMON   BANK0
      Params:         0       2
      Locals:         0       2
      Temps:          0       3
      Totals:         0       7
Total ram usage:        7 bytes
 Hardware stack levels used:    1
 Hardware stack levels required when called:    2
 This function calls:
		_Lcd_Write_Char
 This function is called by:
		_main
		_Lcd_Write_Int
 This function uses a non-reentrant model


 *************** function _Lcd_Write_Char *****************
 Defined at:
		line 93 in file "lcd.c"
 Parameters:    Size  Location     Type
  a               1    wreg     unsigned char 
 Auto vars:     Size  Location     Type
  a               1    4[BANK0 ] unsigned char 
  y               1    3[BANK0 ] unsigned char 
  temp            1    2[BANK0 ] unsigned char 
 Return value:  Size  Location     Type
		None               void
 Registers used:
		wreg, status,2, status,0, pclath, cstack
 Tracked objects:
		On entry : 
		On exit  : 
		Unchanged: 
 Data sizes:     COMMON   BANK0
      Params:         0       0
      Locals:         0       3
      Temps:          0       1
      Totals:         0       4
Total ram usage:        4 bytes
 Hardware stack levels used:    1
 Hardware stack levels required when called:    1
 This function calls:
		_Lcd_Port
 This function is called by:
		_Lcd_Write_String
 This function uses a non-reentrant model


 *************** function _Lcd_Shift_Left *****************
 Defined at:
		line 133 in file "lcd.c"
 Parameters:    Size  Location     Type
		None
 Auto vars:     Size  Location     Type
		None
 Return value:  Size  Location     Type
		None               void
 Registers used:
		wreg, status,2, status,0, pclath, cstack
 Tracked objects:
		On entry : 
		On exit  : 
		Unchanged: 
 Data sizes:     COMMON   BANK0
      Params:         0       0
      Locals:         0       0
      Temps:          0       0
      Totals:         0       0
Total ram usage:        0 bytes
 Hardware stack levels used:    1
 Hardware stack levels required when called:    2
 This function calls:
		_Lcd_Cmd
 This function is called by:
		_main
 This function uses a non-reentrant model


 *************** function _Lcd_Set_Cursor *****************
 Defined at:
		line 51 in file "lcd.c"
 Parameters:    Size  Location     Type
  a               1    wreg     unsigned char 
  b               1    4[BANK0 ] unsigned char 
 Auto vars:     Size  Location     Type
  a               1    7[BANK0 ] unsigned char 
  temp            1   10[BANK0 ] unsigned char 
  y               1    9[BANK0 ] unsigned char 
  z               1    8[BANK0 ] unsigned char 
 Return value:  Size  Location     Type
		None               void
 Registers used:
		wreg, status,2, status,0, pclath, cstack
 Tracked objects:
		On entry : 
		On exit  : 
		Unchanged: 
 Data sizes:     COMMON   BANK0
      Params:         0       1
      Locals:         0       4
      Temps:          0       2
      Totals:         0       7
Total ram usage:        7 bytes
 Hardware stack levels used:    1
 Hardware stack levels required when called:    2
 This function calls:
		_Lcd_Cmd
 This function is called by:
		_main
 This function uses a non-reentrant model


 *************** function _Lcd_Init *****************
 Defined at:
		line 73 in file "lcd.c"
 Parameters:    Size  Location     Type
		None
 Auto vars:     Size  Location     Type
		None
 Return value:  Size  Location     Type
		None               void
 Registers used:
		wreg, status,2, status,0, pclath, cstack
 Tracked objects:
		On entry : 
		On exit  : 
		Unchanged: 
 Data sizes:     COMMON   BANK0
      Params:         0       0
      Locals:         0       0
      Temps:          0       2
      Totals:         0       2
Total ram usage:        2 bytes
 Hardware stack levels used:    1
 Hardware stack levels required when called:    2
 This function calls:
		_Lcd_Cmd
		_Lcd_Port
 This function is called by:
		_main
 This function uses a non-reentrant model


 *************** function _Lcd_Clear *****************
 Defined at:
		line 43 in file "lcd.c"
 Parameters:    Size  Location     Type
		None
 Auto vars:     Size  Location     Type
		None
 Return value:  Size  Location     Type
		None               void
 Registers used:
		wreg, status,2, status,0, pclath, cstack
 Tracked objects:
		On entry : 
		On exit  : 
		Unchanged: 
 Data sizes:     COMMON   BANK0
      Params:         0       0
      Locals:         0       0
      Temps:          0       2
      Totals:         0       2
Total ram usage:        2 bytes
 Hardware stack levels used:    1
 Hardware stack levels required when called:    2
 This function calls:
		_Lcd_Cmd
 This function is called by:
		_main
 This function uses a non-reentrant model


 *************** function _Lcd_Cmd *****************
 Defined at:
		line 30 in file "lcd.c"
 Parameters:    Size  Location     Type
  a               1    wreg     unsigned char 
 Auto vars:     Size  Location     Type
  a               1    3[BANK0 ] unsigned char 
 Return value:  Size  Location     Type
		None               void
 Registers used:
		wreg, status,2, status,0, pclath, cstack
 Tracked objects:
		On entry : 
		On exit  : 
		Unchanged: 
 Data sizes:     COMMON   BANK0
      Params:         0       0
      Locals:         0       1
      Temps:          0       2
      Totals:         0       3
Total ram usage:        3 bytes
 Hardware stack levels used:    1
 Hardware stack levels required when called:    1
 This function calls:
		_Lcd_Port
 This function is called by:
		_Lcd_Clear
		_Lcd_Set_Cursor
		_Lcd_Init
		_Lcd_Shift_Left
		_Lcd_Shift_Right
 This function uses a non-reentrant model


 *************** function _Lcd_Port *****************
 Defined at:
		line 6 in file "lcd.c"
 Parameters:    Size  Location     Type
  a               1    wreg     unsigned char 
 Auto vars:     Size  Location     Type
  a               1    0[BANK0 ] unsigned char 
 Return value:  Size  Location     Type
		None               void
 Registers used:
		wreg
 Tracked objects:
		On entry : 
		On exit  : 
		Unchanged: 
 Data sizes:     COMMON   BANK0
      Params:         0       0
      Locals:         0       1
      Temps:          0       0
      Totals:         0       1
Total ram usage:        1 bytes
 Hardware stack levels used:    1
 This function calls:
		Nothing
 This function is called by:
		_Lcd_Cmd
		_Lcd_Init
		_Lcd_Write_Char
 This function uses a non-reentrant model



MODULE INFORMATION

Module		Function		Class		Link	Load	Size
C:\Program Files (x86)\Microchip\xc8\v1.35\sources\common\Umul32.c
		___lmul        		CODE           	0219	0000	65

C:\Program Files (x86)\Microchip\xc8\v1.35\sources\common\Umul32.c estimated size: 65

C:\Program Files (x86)\Microchip\xc8\v1.35\sources\common\rand.c
		_rand          		CODE           	0259	0000	66

C:\Program Files (x86)\Microchip\xc8\v1.35\sources\common\rand.c estimated size: 66

C:\Program Files (x86)\Microchip\xc8\v1.35\sources\common\lwmod.c
		___lwmod       		CODE           	0175	0000	52

C:\Program Files (x86)\Microchip\xc8\v1.35\sources\common\lwmod.c estimated size: 52

shared
		__stringtab    		STRING         	0001	0000	17
		__initialization		CODE           	03F6	0000	9

shared estimated size: 26

C:\Program Files (x86)\Microchip\xc8\v1.35\sources\common\awmod.c
		___awmod       		CODE           	02DC	0000	77

C:\Program Files (x86)\Microchip\xc8\v1.35\sources\common\awmod.c estimated size: 77

lcd.c
		_Lcd_Write_String		CODE           	0144	0000	50
		_Lcd_Write_Int 		CODE           	00DE	0000	19
		_Lcd_Shift_Left		CODE           	00CA	0000	6
		_Lcd_Init      		CODE           	01A8	0000	53
		_Lcd_Write_Char		CODE           	011A	0000	43
		_Lcd_Cmd       		CODE           	00F0	0000	20
		_Lcd_Set_Cursor		CODE           	029A	0000	67
		_Lcd_Clear     		CODE           	00CF	0000	16
		_Lcd_Port      		CODE           	0103	0000	24

lcd.c estimated size: 298

C:\Program Files (x86)\Microchip\xc8\v1.35\sources\common\itoa.c
		_utoa          		CODE           	0328	0000	93

C:\Program Files (x86)\Microchip\xc8\v1.35\sources\common\itoa.c estimated size: 93

C:\Program Files (x86)\Microchip\xc8\v1.35\sources\common\lwdiv.c
		___lwdiv       		CODE           	01DC	0000	62

C:\Program Files (x86)\Microchip\xc8\v1.35\sources\common\lwdiv.c estimated size: 62

main.c
		_main          		CODE           	0384	0000	115

main.c estimated size: 115

