Microchip MPLAB XC8 Compiler V1.35 ()

Linker command line:

--edf=C:\Program Files (x86)\Microchip\xc8\v1.35\dat\en_msgs.txt -cs \
  -h+dist/default/production\LCD.X.production.sym \
  --cmf=dist/default/production\LCD.X.production.cmf -z -Q16F84A \
  -oC:\Users\mo360\AppData\Local\Temp\s3js.2 \
  -Mdist/default/production/LCD.X.production.map -E1 -ver=XC8 \
  -ASTACK=01Ah-04dh -pstack=STACK -ACODE=00h-03FFh -ASTRCODE=00h-03FFh \
  -ASTRING=00h-0FFhx4 -ACONST=00h-0FFhx4 -AENTRY=00h-0FFhx4 \
  -ABANK0=0Ch-04Dh -ARAM=0Ch-04Dh -AABS1=0Ch-04Fh -ACOMMON=04Eh-04Fh \
  -ASFR0=00h-0Bh -ASFR1=080h-0CDh -preset_vec=00h,intentry,init,end_init \
  -ppowerup=CODE -pcinit=CODE -pfunctab=CODE -ACONFIG=02007h-02007h \
  -pconfig=CONFIG -DCONFIG=2 -AIDLOC=02000h-02003h -pidloc=IDLOC -DIDLOC=2 \
  -AEEDATA=00h-03Fh/02100h -peeprom_data=EEDATA -DEEDATA=2 -DCODE=2 \
  -DSTRCODE=2 -DSTRING=2 -DCONST=2 -DENTRY=2 -k \
  C:\Users\mo360\AppData\Local\Temp\s3js.obj \
  dist/default/production\LCD.X.production.obj 

Object code version is 3.11

Machine type is 16F84A



                Name                               Link     Load   Length Selector   Space Scale
C:\Users\mo360\AppData\Local\Temp\s3js.obj
                end_init                              0        0        1        0       0
                config                             2007     2007        1     400E       0
dist/default/production\LCD.X.production.obj
                cinit                               3FE      3FE        2      7FC       0
                text7                               2FE      2FE       17      5FC       0
                text6                               2EB      2EB       13      5D6       0
                text5                               2DC      2DC        F      5B8       0
                text4                               388      388       34      710       0
                text3                               3BC      3BC       42      778       0
                text2                               32D      32D       2A      65A       0
                text1                               357      357       31      6AE       0
                maintext                            315      315       18      62A       0
                cstackBANK0                           C        C        E        C       1
                strings                               1        1       19        2       0

TOTAL           Name                               Link     Load   Length     Space
        CLASS   STACK          

        CLASS   CODE           
                end_init                              0        0        1         0
                cinit                               3FE      3FE        2         0
                text7                               2FE      2FE       17         0
                text6                               2EB      2EB       13         0
                text5                               2DC      2DC        F         0
                text4                               388      388       34         0
                text3                               3BC      3BC       42         0
                text2                               32D      32D       2A         0
                text1                               357      357       31         0
                maintext                            315      315       18         0

        CLASS   STRCODE        

        CLASS   STRING         
                strings                               1        1       19         0

        CLASS   CONST          

        CLASS   ENTRY          

        CLASS   BANK0          
                cstackBANK0                           C        C        E         1

        CLASS   RAM            

        CLASS   ABS1           
                abs_s1                               4E       4E        2         1

        CLASS   COMMON         

        CLASS   SFR0           

        CLASS   SFR1           

        CLASS   CONFIG         
                config                             2007     2007        1         0

        CLASS   IDLOC          

        CLASS   EEDATA         

        CLASS   BANK1          



SEGMENTS        Name                           Load    Length   Top    Selector   Space  Class     Delta

                reset_vec                      000000  000001  000001         0       0  CODE        2
                strings                        000001  000019  00001A         2       0  STRING      2
                cstackBANK0                    00000C  00000E  00001A         C       1  BANK0       1
                text5                          0002DC  00000F  0002EB       5B8       0  CODE        2
                text6                          0002EB  000013  0002FE       5D6       0  CODE        2
                text7                          0002FE  000017  000315       5FC       0  CODE        2
                maintext                       000315  000018  00032D       62A       0  CODE        2
                text2                          00032D  00002A  000357       65A       0  CODE        2
                text1                          000357  000031  000388       6AE       0  CODE        2
                text4                          000388  000034  0003BC       710       0  CODE        2
                text3                          0003BC  000042  0003FE       778       0  CODE        2
                cinit                          0003FE  000002  000400       7FC       0  CODE        2
                config                         002007  000001  002008      400E       0  CONFIG      2


UNUSED ADDRESS RANGES

        Name                Unused          Largest block    Delta
        BANK0            001A-004D             34           1
        CODE             001A-02DB            2C2           2
        CONST            001A-02DB            100           2
        EEDATA           2100-213F             40           2
        ENTRY            001A-02DB            100           2
        IDLOC            2000-2003              4           2
        RAM              001A-004D             34           1
        SFR0             0000-000B              C           1
        SFR1             0080-00CD             4E           1
        STACK            001A-004D             34           1
        STRCODE          001A-02DB            2C2           2
        STRING           001A-02DB            100           2

                                  Symbol Table

Lcd_Cmd@a                  cstackBANK0  000F
Lcd_Port@a                 cstackBANK0  000C
Lcd_Set_Cursor@a           cstackBANK0  0013
Lcd_Set_Cursor@b           cstackBANK0  0010
Lcd_Set_Cursor@temp        cstackBANK0  0016
Lcd_Set_Cursor@y           cstackBANK0  0015
Lcd_Set_Cursor@z           cstackBANK0  0014
Lcd_Write_Char@a           cstackBANK0  0010
Lcd_Write_Char@temp        cstackBANK0  000E
Lcd_Write_Char@y           cstackBANK0  000F
Lcd_Write_String@a         cstackBANK0  0011
Lcd_Write_String@i         cstackBANK0  0016
_Lcd_Clear                 text5        02DC
_Lcd_Cmd                   text6        02EB
_Lcd_Init                  text4        0388
_Lcd_Port                  text7        02FE
_Lcd_Set_Cursor            text3        03BC
_Lcd_Write_Char            text2        032D
_Lcd_Write_String          text1        0357
_RB0                       (abs)        0030
_RB1                       (abs)        0031
_RB2                       (abs)        0032
_RB3                       (abs)        0033
_RB4                       (abs)        0034
_RB5                       (abs)        0035
_RB6                       (abs)        0036
_TRISB                     (abs)        0086
__CFG_CP$OFF               (abs)        0000
__CFG_FOSC$XT              (abs)        0000
__CFG_PWRTE$ON             (abs)        0000
__CFG_WDTE$OFF             (abs)        0000
__Habs1                    abs1         0000
__Hbank0                   bank0        0000
__Hbank1                   bank1        0000
__Hcinit                   cinit        0400
__Hclrtext                 clrtext      0000
__Hcode                    code         0000
__Hcommon                  common       0000
__Hconfig                  config       2008
__HcstackBANK0             cstackBANK0  0000
__HcstackCOMMON            cstackCOMMON 0000
__Heeprom_data             eeprom_data  0000
__Hend_init                end_init     0001
__Hfunctab                 functab      0000
__Hidloc                   idloc        0000
__Hinit                    init         0000
__Hintentry                intentry     0000
__Hmaintext                maintext     0000
__Hpowerup                 powerup      0000
__Hram                     ram          0000
__Hreset_vec               reset_vec    0000
__Hsfr0                    sfr0         0000
__Hsfr1                    sfr1         0000
__Hspace_0                 (abs)        2008
__Hspace_1                 (abs)        001A
__Hspace_2                 (abs)        0000
__Hspace_3                 (abs)        0000
__Hstack                   stack        0000
__Hstrings                 strings      0000
__Htext                    text         0000
__Labs1                    abs1         0000
__Lbank0                   bank0        0000
__Lbank1                   bank1        0000
__Lcinit                   cinit        03FE
__Lclrtext                 clrtext      0000
__Lcode                    code         0000
__Lcommon                  common       0000
__Lconfig                  config       2007
__LcstackBANK0             cstackBANK0  0000
__LcstackCOMMON            cstackCOMMON 0000
__Leeprom_data             eeprom_data  0000
__Lend_init                end_init     0000
__Lfunctab                 functab      0000
__Lidloc                   idloc        0000
__Linit                    init         0000
__Lintentry                intentry     0000
__Lmaintext                maintext     0000
__Lpowerup                 powerup      0000
__Lram                     ram          0000
__Lreset_vec               reset_vec    0000
__Lsfr0                    sfr0         0000
__Lsfr1                    sfr1         0000
__Lspace_0                 (abs)        0000
__Lspace_1                 (abs)        0000
__Lspace_2                 (abs)        0000
__Lspace_3                 (abs)        0000
__Lstack                   stack        0000
__Lstrings                 strings      0000
__Ltext                    text         0000
__S0                       (abs)        2008
__S1                       (abs)        001A
__S2                       (abs)        0000
__S3                       (abs)        0000
___int_sp                  stack        0000
___latbits                 (abs)        0000
___sp                      stack        0000
__end_of_Lcd_Clear         text5        02EB
__end_of_Lcd_Cmd           text6        02FE
__end_of_Lcd_Init          text4        03BC
__end_of_Lcd_Port          text7        0315
__end_of_Lcd_Set_Cursor    text3        03FE
__end_of_Lcd_Write_Char    text2        0357
__end_of_Lcd_Write_String  text1        0388
__end_of__initialization   cinit        03FE
__end_of__stringtab        strings      0011
__end_of_main              maintext     032D
__initialization           cinit        03FE
__pcstackBANK0             cstackBANK0  000C
__pcstackCOMMON            cstackCOMMON 0000
__pmaintext                maintext     0315
__pstrings                 strings      0001
__ptext1                   text1        0357
__ptext2                   text2        032D
__ptext3                   text3        03BC
__ptext4                   text4        0388
__ptext5                   text5        02DC
__ptext6                   text6        02EB
__ptext7                   text7        02FE
__size_of_Lcd_Clear        (abs)        0000
__size_of_Lcd_Cmd          (abs)        0000
__size_of_Lcd_Init         (abs)        0000
__size_of_Lcd_Port         (abs)        0000
__size_of_Lcd_Set_Cursor   (abs)        0000
__size_of_Lcd_Write_Char   (abs)        0000
__size_of_Lcd_Write_String (abs)        0000
__size_of_main             (abs)        0000
__stringbase               strings      0010
__stringtab                strings      0001
_main                      maintext     0315
btemp                      (abs)        004E
end_of_initialization      cinit        03FE
intlevel0                  functab      0000
intlevel1                  functab      0000
intlevel2                  functab      0000
intlevel3                  functab      0000
intlevel4                  functab      0000
intlevel5                  functab      0000
ltemp                      (abs)        004E
ltemp0                     (abs)        004E
ltemp1                     (abs)        0052
ltemp2                     (abs)        0056
ltemp3                     (abs)        0050
main@name                  cstackBANK0  0019
reset_vec                  reset_vec    0000
stackhi                    (abs)        0000
stacklo                    (abs)        0000
start                      init         0000
start_initialization       cinit        03FE
ttemp                      (abs)        004E
ttemp0                     (abs)        004E
ttemp1                     (abs)        0051
ttemp2                     (abs)        0054
ttemp3                     (abs)        0057
ttemp4                     (abs)        004F
wtemp                      (abs)        004E
wtemp0                     (abs)        004E
wtemp1                     (abs)        0050
wtemp2                     (abs)        0052
wtemp3                     (abs)        0054
wtemp4                     (abs)        0056
wtemp5                     (abs)        0058
wtemp6                     (abs)        004F


FUNCTION INFORMATION:

 *************** function _main *****************
 Defined at:
		line 12 in file "main.c"
 Parameters:    Size  Location     Type
		None
 Auto vars:     Size  Location     Type
  name            1   13[BANK0 ] PTR unsigned char 
		 -> STR_1(9), 
 Return value:  Size  Location     Type
		None               void
 Registers used:
		wreg, fsr0l, fsr0h, status,2, status,0, btemp+1, pclath, cstack
 Tracked objects:
		On entry : 
		On exit  : 
		Unchanged: 
 Data sizes:     COMMON   BANK0
      Params:         0       0
      Locals:         0       1
      Temps:          0       1
      Totals:         0       2
Total ram usage:        2 bytes
 Hardware stack levels required when called:    3
 This function calls:
		_Lcd_Clear
		_Lcd_Init
		_Lcd_Set_Cursor
		_Lcd_Write_String
 This function is called by:
		Startup code after reset
 This function uses a non-reentrant model


 *************** function _Lcd_Write_String *****************
 Defined at:
		line 110 in file "lcd.c"
 Parameters:    Size  Location     Type
  a               2    5[BANK0 ] PTR unsigned char 
		 -> Lcd_Write_Int@temp(16), STR_1(9), 
 Auto vars:     Size  Location     Type
  i               2   10[BANK0 ] int 
 Return value:  Size  Location     Type
		None               void
 Registers used:
		wreg, fsr0l, fsr0h, status,2, status,0, btemp+1, pclath, cstack
 Tracked objects:
		On entry : 
		On exit  : 
		Unchanged: 
 Data sizes:     COMMON   BANK0
      Params:         0       2
      Locals:         0       2
      Temps:          0       3
      Totals:         0       7
Total ram usage:        7 bytes
 Hardware stack levels used:    1
 Hardware stack levels required when called:    2
 This function calls:
		_Lcd_Write_Char
 This function is called by:
		_main
		_Lcd_Write_Int
 This function uses a non-reentrant model


 *************** function _Lcd_Write_Char *****************
 Defined at:
		line 93 in file "lcd.c"
 Parameters:    Size  Location     Type
  a               1    wreg     unsigned char 
 Auto vars:     Size  Location     Type
  a               1    4[BANK0 ] unsigned char 
  y               1    3[BANK0 ] unsigned char 
  temp            1    2[BANK0 ] unsigned char 
 Return value:  Size  Location     Type
		None               void
 Registers used:
		wreg, status,2, status,0, pclath, cstack
 Tracked objects:
		On entry : 
		On exit  : 
		Unchanged: 
 Data sizes:     COMMON   BANK0
      Params:         0       0
      Locals:         0       3
      Temps:          0       1
      Totals:         0       4
Total ram usage:        4 bytes
 Hardware stack levels used:    1
 Hardware stack levels required when called:    1
 This function calls:
		_Lcd_Port
 This function is called by:
		_Lcd_Write_String
 This function uses a non-reentrant model


 *************** function _Lcd_Set_Cursor *****************
 Defined at:
		line 51 in file "lcd.c"
 Parameters:    Size  Location     Type
  a               1    wreg     unsigned char 
  b               1    4[BANK0 ] unsigned char 
 Auto vars:     Size  Location     Type
  a               1    7[BANK0 ] unsigned char 
  temp            1   10[BANK0 ] unsigned char 
  y               1    9[BANK0 ] unsigned char 
  z               1    8[BANK0 ] unsigned char 
 Return value:  Size  Location     Type
		None               void
 Registers used:
		wreg, status,2, status,0, pclath, cstack
 Tracked objects:
		On entry : 
		On exit  : 
		Unchanged: 
 Data sizes:     COMMON   BANK0
      Params:         0       1
      Locals:         0       4
      Temps:          0       2
      Totals:         0       7
Total ram usage:        7 bytes
 Hardware stack levels used:    1
 Hardware stack levels required when called:    2
 This function calls:
		_Lcd_Cmd
 This function is called by:
		_main
 This function uses a non-reentrant model


 *************** function _Lcd_Init *****************
 Defined at:
		line 73 in file "lcd.c"
 Parameters:    Size  Location     Type
		None
 Auto vars:     Size  Location     Type
		None
 Return value:  Size  Location     Type
		None               void
 Registers used:
		wreg, status,2, status,0, pclath, cstack
 Tracked objects:
		On entry : 
		On exit  : 
		Unchanged: 
 Data sizes:     COMMON   BANK0
      Params:         0       0
      Locals:         0       0
      Temps:          0       2
      Totals:         0       2
Total ram usage:        2 bytes
 Hardware stack levels used:    1
 Hardware stack levels required when called:    2
 This function calls:
		_Lcd_Cmd
		_Lcd_Port
 This function is called by:
		_main
 This function uses a non-reentrant model


 *************** function _Lcd_Clear *****************
 Defined at:
		line 43 in file "lcd.c"
 Parameters:    Size  Location     Type
		None
 Auto vars:     Size  Location     Type
		None
 Return value:  Size  Location     Type
		None               void
 Registers used:
		wreg, status,2, status,0, pclath, cstack
 Tracked objects:
		On entry : 
		On exit  : 
		Unchanged: 
 Data sizes:     COMMON   BANK0
      Params:         0       0
      Locals:         0       0
      Temps:          0       2
      Totals:         0       2
Total ram usage:        2 bytes
 Hardware stack levels used:    1
 Hardware stack levels required when called:    2
 This function calls:
		_Lcd_Cmd
 This function is called by:
		_main
 This function uses a non-reentrant model


 *************** function _Lcd_Cmd *****************
 Defined at:
		line 30 in file "lcd.c"
 Parameters:    Size  Location     Type
  a               1    wreg     unsigned char 
 Auto vars:     Size  Location     Type
  a               1    3[BANK0 ] unsigned char 
 Return value:  Size  Location     Type
		None               void
 Registers used:
		wreg, status,2, status,0, pclath, cstack
 Tracked objects:
		On entry : 
		On exit  : 
		Unchanged: 
 Data sizes:     COMMON   BANK0
      Params:         0       0
      Locals:         0       1
      Temps:          0       2
      Totals:         0       3
Total ram usage:        3 bytes
 Hardware stack levels used:    1
 Hardware stack levels required when called:    1
 This function calls:
		_Lcd_Port
 This function is called by:
		_Lcd_Clear
		_Lcd_Set_Cursor
		_Lcd_Init
		_Lcd_Shift_Right
		_Lcd_Shift_Left
 This function uses a non-reentrant model


 *************** function _Lcd_Port *****************
 Defined at:
		line 6 in file "lcd.c"
 Parameters:    Size  Location     Type
  a               1    wreg     unsigned char 
 Auto vars:     Size  Location     Type
  a               1    0[BANK0 ] unsigned char 
 Return value:  Size  Location     Type
		None               void
 Registers used:
		wreg
 Tracked objects:
		On entry : 
		On exit  : 
		Unchanged: 
 Data sizes:     COMMON   BANK0
      Params:         0       0
      Locals:         0       1
      Temps:          0       0
      Totals:         0       1
Total ram usage:        1 bytes
 Hardware stack levels used:    1
 This function calls:
		Nothing
 This function is called by:
		_Lcd_Cmd
		_Lcd_Init
		_Lcd_Write_Char
 This function uses a non-reentrant model



MODULE INFORMATION

Module		Function		Class		Link	Load	Size
shared
		__stringtab    		STRING         	0001	0000	17
		__initialization		CODE           	03FE	0000	1

shared estimated size: 18

lcd.c
		_Lcd_Write_String		CODE           	0357	0000	50
		_Lcd_Init      		CODE           	0388	0000	53
		_Lcd_Write_Char		CODE           	032D	0000	43
		_Lcd_Cmd       		CODE           	02EB	0000	20
		_Lcd_Set_Cursor		CODE           	03BC	0000	67
		_Lcd_Clear     		CODE           	02DC	0000	16
		_Lcd_Port      		CODE           	02FE	0000	24

lcd.c estimated size: 273

main.c
		_main          		CODE           	0315	0000	25

main.c estimated size: 25

